// Jest Snapshot v1, https://goo.gl/fbAQLP

exports[`renders the chatbot component 1`] = `ShallowWrapper {}`;
