// Jest Snapshot v1, https://goo.gl/fbAQLP

exports[`renders a card component 1`] = `ShallowWrapper {}`;
